---
source: tests/error_reporting.rs
expression: error
---
  x duplicate schema name: org.test.Dup
   ,-[<input>:5:13]
 4 |             record Dup { string name; }
 5 |             record Dup { int id; }
   :             ^^^|^^
   :                `-- duplicate schema name: org.test.Dup
 6 |         }
   `----
