---
source: tests/error_reporting.rs
expression: error
---
  x parse `<input>`
  `-> duplicate field 'name' in record 'R'
   ,-[<input>:6:17]
 5 |                 string name;
 6 |                 int name;
   :                 ^|^
   :                  `-- duplicate field 'name' in record 'R'
 7 |             }
   `----
