---
source: tests/error_reporting.rs
expression: error
---
  x line 1:30 mismatched input 'int' expecting {';', ','}
   ,-[<input>:1:31]
 1 | protocol P { record R { int x int y; } }
   :                               ^|^
   :                                `-- line 1:30 mismatched input 'int' expecting {';', ','}
   `----
