---
source: tests/error_reporting.rs
assertion_line: 282
expression: "warning_text.join(\"\\n---\\n\")"
---
Line 7, char 17: Ignoring out-of-place documentation comment.
Did you mean to use a multiline comment ( /* ... */ ) instead?
---
Line 9, char 13: Ignoring out-of-place documentation comment.
Did you mean to use a multiline comment ( /* ... */ ) instead?
