---
source: tests/error_reporting.rs
expression: error
---
  x parse IDL source
  |-> parse `<input>`
  `-> Type references may not be annotated
   ,-[<input>:6:17]
 5 |             record R {
 6 |                 @foo("bar") MD5 hash;
   :                 |
   :                 `-- Type references may not be annotated
 7 |             }
   `----
