---
source: tests/error_reporting.rs
expression: error
---
  x parse IDL source
  `-> line 1:32 unexpected end of file
   ,-[<input>:1:33]
 1 | protocol P { record R { int x; }
   `----
  help: expected one of: protocol, namespace, import, idl, schema, enum,
        fixed, error, record, array, map, union, boolean, int, long, float,
        double, string, bytes, null, true, false, decimal, date, time_ms,
        timestamp_ms, local_timestamp_ms, uuid, void, oneway, throws,
