---
source: tests/error_reporting.rs
expression: render_diagnostics(&warnings)
---
  ! Line 6, char 17: Ignoring out-of-place documentation comment.
  | Did you mean to use a multiline comment ( /* ... */ ) instead?
   ,-[<input>:6:17]
 5 |                 string name;
 6 |                 /** This doc comment is orphaned — nothing follows it. */
   :                 ^^^^^^^^^^^^^^^^^^^^^^^^^^^^|^^^^^^^^^^^^^^^^^^^^^^^^^^^^
   :                                             `-- out-of-place doc comment
 7 |             }
   `----
