---
source: tests/error_reporting.rs
expression: buf
---
  x import not found: does_not_exist.avsc (searched relative to . and 0 import
  | dir(s))
   ,-[<input>:4:13]
 3 |         protocol P {
 4 |             import schema "does_not_exist.avsc";
   :             ^^^|^^
   :                `-- import not found: does_not_exist.avsc (searched relative to . and 0 import dir(s))
 5 |             record R { string name; }
   `----
