---
source: tests/error_reporting.rs
expression: error
---
  x parse `<input>`
  `-> duplicate enum symbol: RED
   ,-[<input>:4:44]
 3 |         protocol P {
 4 |             enum Color { RED, GREEN, BLUE, RED }
   :                                            ^|^
   :                                             `-- duplicate enum symbol: RED
 5 |         }
   `----
