---
source: tests/error_reporting.rs
assertion_line: 422
expression: error
---
  x IDL file contains neither a protocol nor a schema declaration
   ,-[<input>:1:1]
 1 | /* nothing */
   : |
   : `-- this file
   `----
  help: wrap declarations in `protocol MyProto { ... }` or prefix with `schema
        <type>;`
