---
source: tests/error_reporting.rs
expression: error
---
  x parse IDL source
  `-> line 1:0 mismatched input 'protocl' expecting {<EOF>, '\u001A',
      DocComment, 'protocol', 'namespace', 'import', 'schema', 'enum',
      'fixed', 'error', 'record', '@'}
   ,-[<input>:1:1]
 1 | protocl P { record R { int x; } }
   : ^^^|^^^
   :    `-- line 1:0 mismatched input 'protocl' expecting {<EOF>, '\u001A', DocComment, 'protocol', 'namespace', 'import', 'schema', 'enum', 'fixed', 'error', 'record', '@'}
   `----
