---
source: tests/error_reporting.rs
expression: error
---
  x parse `<input>`
  `-> Unions may not immediately contain other unions
   ,-[<input>:5:31]
 4 |             record Bad {
 5 |                 union { null, union { string, int } } nested;
   :                               ^^|^^
   :                                 `-- Unions may not immediately contain other unions
 6 |             }
   `----
