---
source: tests/error_reporting.rs
expression: error
---
  x Undefined name: test.Nonexistent
   ,-[<input>:5:17]
 4 |             record R {
 5 |                 Nonexistent x;
   :                 ^^^^^|^^^^^
   :                      `-- Undefined name: test.Nonexistent
 6 |             }
   `----
