---
source: tests/error_reporting.rs
expression: error
---
  x parse IDL source
  `-> line 1:30 unexpected 'int' expected ';' or ','
   ,-[<input>:1:31]
 1 | protocol P { record R { int x int y; } }
   :                               ^|^
   :                                `-- line 1:30 unexpected 'int' expected ';' or ','
   `----
