---
source: tests/error_reporting.rs
expression: error
---
  x parse IDL source
  `-> line 1:23 mismatched input ';' expecting {'}', ','}
   ,-[<input>:1:24]
 1 | protocol P { enum E { A; B; C } }
   :                        |
   :                        `-- line 1:23 mismatched input ';' expecting {'}', ','}
   `----

Error: 
  x line 1:26 unexpected token `;`
   ,-[<input>:1:27]
 1 | protocol P { enum E { A; B; C } }
   :                           |
   :                           `-- unexpected `;`
   `----
  help: expected one of: protocol, namespace, import, idl, schema, enum,
        fixed, error, record, array, map, union, boolean, int, long, float,
        double, string, bytes, null, true, false, decimal, date, time_ms,
        timestamp_ms, local_timestamp_ms, uuid, void, oneway, throws,
        IdentifierToken

Error: 
  x line 1:30 unexpected token `}`
   ,-[<input>:1:31]
 1 | protocol P { enum E { A; B; C } }
   :                               |
   :                               `-- unexpected `}`
   `----
  help: expected one of: protocol, namespace, import, idl, schema, enum,
        fixed, error, record, array, map, union, boolean, int, long, float,
        double, string, bytes, null, true, false, decimal, date, time_ms,
        timestamp_ms, local_timestamp_ms, uuid, void, oneway, throws, ?,
        IdentifierToken

Error: 
  x line 1:32 extraneous input '}' expecting end of file
   ,-[<input>:1:33]
 1 | protocol P { enum E { A; B; C } }
   :                                 |
   :                                 `-- line 1:32 extraneous input '}' expecting end of file
   `----
