---
source: tests/error_reporting.rs
expression: error
---
  x parse IDL source
  `-> line 1:37 unexpected token `,`
   ,-[<input>:1:38]
 1 | protocol P { record R { union { int, , string } x; } }
   :                                      |
   :                                      `-- unexpected `,`
   `----
