---
source: tests/error_reporting.rs
expression: error
---
  x parse IDL source
  `-> line 1:35 extraneous input '}' expecting {<EOF>, '\u001A'}
   ,-[<input>:1:36]
 1 | protocol P { record R { int x; } } }
   :                                    |
   :                                    `-- line 1:35 extraneous input '}' expecting {<EOF>, '\u001A'}
   `----
