---
source: tests/error_reporting.rs
expression: error
---
  x parse IDL source
  `-> line 1:20 expected name after `record`, found `{`
   ,-[<input>:1:21]
 1 | protocol P { record { int x; } }
   :                     |
   :                     `-- expected record name before `{`
   `----
  help: add a name, e.g., `record MyRecord { ... }`
