---
source: tests/error_reporting.rs
expression: render_warnings(&warnings)
---
  ⚠ Line 7, char 17: Ignoring out-of-place documentation comment.
  │ Did you mean to use a multiline comment ( /* ... */ ) instead?
   ╭─[<input>:7:17]
 6 │                 string name;
 7 │                 /** orphan 2 */
   ·                 ───────┬───────
   ·                        ╰── out-of-place doc comment
 8 │             }
   ╰────

  ⚠ Line 9, char 13: Ignoring out-of-place documentation comment.
  │ Did you mean to use a multiline comment ( /* ... */ ) instead?
    ╭─[<input>:9:13]
  8 │             }
  9 │             /** orphan 3 */
    ·             ───────┬───────
    ·                    ╰── out-of-place doc comment
 10 │         }
    ╰────
