---
source: tests/error_reporting.rs
assertion_line: 209
expression: warnings
---
[
    Warning {
        message: "Line 6, char 17: Ignoring out-of-place documentation comment.\nDid you mean to use a multiline comment ( /* ... */ ) instead?",
        file: Some(
            "<input>",
        ),
        span: Some(
            "117..176",
        ),
    },
]
