---
source: tests/error_reporting.rs
expression: error
---
  x parse IDL source
  `-> line 1:33 fixed type requires an integer size -- use `fixed
      F(<integer>)`, e.g., `fixed F(16)`
   ,-[<input>:1:22]
 1 | protocol P { fixed F(not_a_number); }
   :                      ^^^^^^|^^^^^
   :                            `-- `not_a_number` is not an integer
   `----
