---
source: src/compiler.rs
expression: "crate::error::render_diagnostic(&err)"
---
  x Invalid default for field `favorite` in `R`: expected enum Color, got number
   ,-[<input>:5:38]
 4 |                 record R {
 5 |                     Color favorite = 42;
   :                                      ^|
   :                                       `-- Invalid default for field `favorite` in `R`: expected enum Color, got number
 6 |                 }
   `----
