---
source: src/reader.rs
expression: render_error(&err)
---
  x parse `<input>`
  `-> Duplicate in union: string
   ,-[<input>:4:42]
 3 |                 record Foo {
 4 |                     union { string, int, string } field1;
   :                                          ^^^|^^
   :                                             `-- Duplicate in union: string
 5 |                 }
   `----
