---
source: src/reader.rs
expression: render_error(&err)
---
  x parse `<input>`
  `-> Can't set reserved property: doc
   ,-[<input>:4:17]
 3 |             protocol P {
 4 |                 @doc("Record doc") record R { string name; }
   :                 |
   :                 `-- Can't set reserved property: doc
 5 |             }
   `----
