---
source: src/reader.rs
expression: render_error(&err)
---
  x parse `<input>`
  `-> Can't set reserved property: response
   ,-[<input>:4:17]
 3 |             protocol P {
 4 |                 @response("custom") void ping();
   :                 |
   :                 `-- Can't set reserved property: response
 5 |             }
   `----
