---
source: src/reader.rs
expression: render_diagnostic(&err)
---
  x line 3:11 union must contain at least one type member
   ,-[<input>:3:5]
 2 |   record User {
 3 |     union {} name;
   :     ^^^^|^^^
   :         `-- empty union
 4 |   }
   `----
  help: add at least one type inside the braces, e.g., `union { null, string }`
