---
source: src/reader.rs
expression: err
---
Error {
    msg: "parse `<input>`",
    source: ParseDiagnostic {
        src: NamedSource {
            name: "<input>",
            source: "<redacted>",
            language: None,
        ,
        span: SourceSpan {
            offset: SourceOffset(
                28,
            ),
            length: 5,
        },
        message: "Invalid default for field `count`: expected int, got string",
    },
}
