---
source: src/reader.rs
expression: "warnings[0]"
---
Warning {
    message: "line 1:35 token recognition error at: '\u{1}'",
    source: Some(
        NamedSource {
            name: "<input>",
            source: "<redacted>",
            language: None,
        ,
    ),
    span: Some(
        SourceSpan {
            offset: SourceOffset(
                0,
            ),
            length: 0,
        },
    ),
}
