---
source: src/reader.rs
expression: render_error(&err)
---
  x parse `<input>`
  `-> One-way message 'send' must return void
   ,-[<input>:5:17]
 4 |                 record Msg { string text; }
 5 |                 Msg send(Msg m) oneway;
   :                 ^^^^^^^^^^^|^^^^^^^^^^^
   :                            `-- One-way message 'send' must return void
 6 |             }
   `----
