---
source: src/reader.rs
expression: render_error(&err)
---
  x parse `<input>`
  `-> Duplicate in union: Bar
   ,-[<input>:5:40]
 4 |                 record Foo {
 5 |                     union { null, Bar, Bar } field1;
   :                                        ^|^
   :                                         `-- Duplicate in union: Bar
 6 |                 }
   `----
