---
source: src/reader.rs
expression: render_error(&err)
---
  x parse `<input>`
  `-> invalid alias name: 123bad
   ,-[<input>:3:17]
 2 |             protocol P {
 3 |                 @aliases(["123bad"])
   :                 |
   :                 `-- invalid alias name: 123bad
 4 |                 record Foo { string name; }
   `----
