---
source: src/compiler.rs
expression: "crate::error::render_diagnostic(&err)"
---
  x Undefined name: test.MissingType
   ,-[<input>:4:28]
 3 |             protocol P {
 4 |                 record R { MissingType field; }
   :                            ^^^^^|^^^^^
   :                                 `-- Undefined name: test.MissingType
 5 |             }
   `----
