---
source: src/reader.rs
expression: render_error(&err)
---
  x parse `<input>`
  `-> Can't set reserved property: default
   ,-[<input>:4:17]
 3 |             protocol P {
 4 |                 @default("A") enum E { A, B, C }
   :                 ^^^^^^|^^^^^^
   :                       `-- Can't set reserved property: default
 5 |             }
   `----
