---
source: src/reader.rs
expression: render_diagnostic(&err)
---
  x line 2:11 unexpected `@` before `record` -- did you mean to add an annotation? annotations use `@name("value")` syntax
   ,-[<input>:2:12]
 1 | protocol Test {
 2 |   @ record Foo {
   :            ^|^
   :             `-- unexpected `@` before `record`
 3 |     string name;
   `----
