---
source: src/reader.rs
expression: render_error(&err)
---
  x parse `<input>`
  `-> Invalid default for field `count`: expected int, got string
   ,-[<input>:1:29]
 1 | protocol P { record R { int count = "hello"; } }
   :                             ^^^^^^^|^^^^^^^
   :                                    `-- Invalid default for field `count`: expected int, got string
   `----
