---
source: src/reader.rs
expression: err
---
Error {
    msg: "parse `<input>`",
    source: ParseDiagnostic {
        src: NamedSource {
            name: "<input>",
            source: "<redacted>",
            language: None,
        ,
        span: SourceSpan {
            offset: SourceOffset(
                99,
            ),
            length: 6,
        },
        message: "Duplicate in union: string",
        label: None,
        help: None,
    },
}
